// Jest Snapshot v1, https://goo.gl/fbAQLP

exports[`<Main /> Should render the heading 1`] = `
<main
  class="styles__Wrapper-dzx1ao-0 khDVDe"
>
  <img
    alt="Imagem de um átomo"
    class="styles__Logo-dzx1ao-1 jRpyFS"
    src="/img/icon-512.png"
  />
  <h1
    class="styles__Title-dzx1ao-2 lfuGAr"
  >
    React Avançado
  </h1>
  <h2
    class="styles__Description-dzx1ao-3 edoRUQ"
  >
    Typescript, ReactJS, NextJS e Styled Components
  </h2>
  <img
    alt="Um desenvolvedor de frente para uma tela com código."
    class="styles__Illustration-dzx1ao-4 cSlyKt"
    src="/img/hero-illustration.svg"
  />
</main>
`
